[web-staging.artonline.gallery/index.html]
[backblue.gif]
[fade.gif]
[index.html]
[web-staging.artonline.gallery/assets/mo-fallback-image.png]
[www.googleoptimize.com/optimize96b2.js]
[bat.bing.com/bat.js]
[analytics.tiktok.com/i18n/pixel/events.js]
[s.pinimg.com/ct/core.js]
[static.ads-twitter.com/uwt.js]
[web-staging.artonline.gallery/_next/static/css/f8b20849746e7b828e60.css]
[web-staging.artonline.gallery/_next/static/css/a732b27c60b5c9432e39.css]
[web-staging.artonline.gallery/_next/static/chunks/polyfills-b69b38e0e606287ba003.js]
[web-staging.artonline.gallery/_next/static/chunks/webpack-060b2871ef7c2fa7368c.js]
[web-staging.artonline.gallery/_next/static/chunks/framework-336caa3f6419768205fe.js]
[web-staging.artonline.gallery/_next/static/chunks/main-bba2e097dca7d663a0e8.js]
[web-staging.artonline.gallery/_next/static/chunks/5685-bc8848f5b99c51e763fe.js]
[web-staging.artonline.gallery/_next/static/chunks/pages/_app-f445ea35a9e6f68c1430.js]
[web-staging.artonline.gallery/_next/static/chunks/6310-795323e0b585eb75c06d.js]
[web-staging.artonline.gallery/_next/static/chunks/2411-0aaf5ac11660a0e0a8ae.js]
[web-staging.artonline.gallery/_next/static/chunks/7504-d20a317dc6e9164def74.js]
[web-staging.artonline.gallery/_next/static/chunks/1685-f156a77f3fc824db0a25.js]
[web-staging.artonline.gallery/_next/static/chunks/8106-8d40ec7e9f26bd3f2bc2.js]
[web-staging.artonline.gallery/_next/static/chunks/pages/index-9ebc8504612ae0f5f488.js]
[web-staging.artonline.gallery/_next/static/3I3Os84mMRh6h9WXP8LU-/_buildManifest.js]
[web-staging.artonline.gallery/_next/static/3I3Os84mMRh6h9WXP8LU-/_ssgManifest.js]
[web-staging.artonline.gallery/assets/Sign-Up-Feature.gif]
[web-staging.artonline.gallery/assets/logo.png]
[web-staging.artonline.gallery/assets/final-art-icon.png]
[web-staging.artonline.gallery/assets/add-artwork-digital.svg]
[web-staging.artonline.gallery/index.html]
[web-staging.artonline.gallery/assets/item2.svg]
[web-staging.artonline.gallery/fonts/Montserrat-Regular.eot]
[web-staging.artonline.gallery/fonts/Montserrat-Regular.woff]
[web-staging.artonline.gallery/fonts/Montserrat-Regular.ttf]
[web-staging.artonline.gallery/fonts/Montserrat-Regular.svg]
[web-staging.artonline.gallery/fonts/Montserrat-Medium.eot]
[web-staging.artonline.gallery/fonts/Montserrat-Medium.woff]
[web-staging.artonline.gallery/fonts/Montserrat-Medium.ttf]
[web-staging.artonline.gallery/fonts/Montserrat-Medium.svg]
[web-staging.artonline.gallery/assets/previous_arrow.png]
[web-staging.artonline.gallery/assets/next_arrow.png]
[web-staging.artonline.gallery/assets/Right_polygon.png]
[web-staging.artonline.gallery/_next/static/css/f8b20849746e7b828e60.css]
[web-staging.artonline.gallery/_next/static/media/revicons.e8746a624ed098489406e6113d185258.woff]
[web-staging.artonline.gallery/_next/static/media/revicons.57fd05d4ae650374c8deeff7c4aae380.ttf]
[web-staging.artonline.gallery/_next/static/css/a732b27c60b5c9432e39.css]
[web-staging.artonline.gallery/assets/add-artwork-digital.svg]
[web-staging.artonline.gallery/assets/item2.svg]
[web-staging.artonline.gallery/_next/static/media/revicons.a77de540a38981833f9e31bd4c365cc6.eot]
[web-staging.artonline.gallery/fonts/uni0335.html]
[web-staging.artonline.gallery/fonts/Montserrat-Regular.svg]
[web-staging.artonline.gallery/fonts/Montserrat-Medium.svg]
[web-staging.artonline.gallery/_next/static/css/f0021c8980b7f768ccab.css]
[web-staging.artonline.gallery/_next/static/chunks/6503-9b05e2ac50d836618c9d.js]
[web-staging.artonline.gallery/_next/static/chunks/6893-931fdfb6b1a09a0e987f.js]
[web-staging.artonline.gallery/_next/static/chunks/2160-b8c9d7920beb12168c4f.js]
[web-staging.artonline.gallery/_next/static/chunks/1583-cb343dcbd4d04264d312.js]
[web-staging.artonline.gallery/fonts/uni0335.html]
[web-staging.artonline.gallery/_next/static/css/f0021c8980b7f768ccab.css]
[web-staging.artonline.gallery/_next/static/chunks/pages/[articleType]/[articleSlug]-6a09f03befc5d6d3a672.js]
